<html xmlns="http://www.w3.org/1999/xhtml"><head><title>dsadas</title></head><body><test_descendant><strong>dsdas</strong></test_descendant><strong>dsdas</strong></body></html>
