<root xmlns="http://www.w3.org/1999/xhtml"><strong>dsdas</strong></root>
